// Jest Snapshot v1, https://goo.gl/fbAQLP

exports[`getBabelOptions should match snapshot 1`] = `
{
  "compact": false,
  "minified": false,
  "root": "/root",
  "sourceMaps": false,
}
`;

exports[`getEsbuildOptions should match snapshot 1`] = `
{
  "bundle": true,
  "entryPoints": [
    "index.js",
  ],
  "format": "esm",
  "legalComments": "none",
  "loader": {
    ".3g2": "file",
    ".3gp": "file",
    ".aac": "file",
    ".avi": "file",
    ".bmp": "file",
    ".eot": "file",
    ".gif": "file",
    ".ico": "file",
    ".jpeg": "file",
    ".jpg": "file",
    ".mid": "file",
    ".midi": "file",
    ".mp3": "file",
    ".mp4": "file",
    ".mpeg": "file",
    ".mpg": "file",
    ".oga": "file",
    ".ogv": "file",
    ".otf": "file",
    ".png": "file",
    ".svg": "file",
    ".tif": "file",
    ".tiff": "file",
    ".ttf": "file",
    ".wav": "file",
    ".webm": "file",
    ".webp": "file",
    ".woff": "file",
    ".woff2": "file",
  },
  "logLevel": "silent",
  "mainFields": [
    "react-native",
    "browser",
    "main",
    "module",
  ],
  "metafile": false,
  "minify": false,
  "outfile": "main.bundlejs",
  "resolveExtensions": [
    ".android.tsx",
    ".android.ts",
    ".android.jsx",
    ".android.js",
    ".android.mjs",
    ".android.cjs",
    ".android.json",
    ".android.avi",
    ".android.mp4",
    ".android.mpeg",
    ".android.mpg",
    ".android.ogv",
    ".android.webm",
    ".android.3gp",
    ".android.3g2",
    ".android.aac",
    ".android.midi",
    ".android.mid",
    ".android.mp3",
    ".android.oga",
    ".android.wav",
    ".android.3gp",
    ".android.3g2",
    ".android.eot",
    ".android.otf",
    ".android.ttf",
    ".android.woff",
    ".android.woff2",
    ".android.bmp",
    ".android.gif",
    ".android.ico",
    ".android.jpeg",
    ".android.jpg",
    ".android.png",
    ".android.svg",
    ".android.tiff",
    ".android.tif",
    ".android.webp",
    ".native.tsx",
    ".native.ts",
    ".native.jsx",
    ".native.js",
    ".native.mjs",
    ".native.cjs",
    ".native.json",
    ".native.avi",
    ".native.mp4",
    ".native.mpeg",
    ".native.mpg",
    ".native.ogv",
    ".native.webm",
    ".native.3gp",
    ".native.3g2",
    ".native.aac",
    ".native.midi",
    ".native.mid",
    ".native.mp3",
    ".native.oga",
    ".native.wav",
    ".native.3gp",
    ".native.3g2",
    ".native.eot",
    ".native.otf",
    ".native.ttf",
    ".native.woff",
    ".native.woff2",
    ".native.bmp",
    ".native.gif",
    ".native.ico",
    ".native.jpeg",
    ".native.jpg",
    ".native.png",
    ".native.svg",
    ".native.tiff",
    ".native.tif",
    ".native.webp",
    ".react-native.tsx",
    ".react-native.ts",
    ".react-native.jsx",
    ".react-native.js",
    ".react-native.mjs",
    ".react-native.cjs",
    ".react-native.json",
    ".react-native.avi",
    ".react-native.mp4",
    ".react-native.mpeg",
    ".react-native.mpg",
    ".react-native.ogv",
    ".react-native.webm",
    ".react-native.3gp",
    ".react-native.3g2",
    ".react-native.aac",
    ".react-native.midi",
    ".react-native.mid",
    ".react-native.mp3",
    ".react-native.oga",
    ".react-native.wav",
    ".react-native.3gp",
    ".react-native.3g2",
    ".react-native.eot",
    ".react-native.otf",
    ".react-native.ttf",
    ".react-native.woff",
    ".react-native.woff2",
    ".react-native.bmp",
    ".react-native.gif",
    ".react-native.ico",
    ".react-native.jpeg",
    ".react-native.jpg",
    ".react-native.png",
    ".react-native.svg",
    ".react-native.tiff",
    ".react-native.tif",
    ".react-native.webp",
    ".tsx",
    ".ts",
    ".jsx",
    ".js",
    ".mjs",
    ".cjs",
    ".json",
    ".avi",
    ".mp4",
    ".mpeg",
    ".mpg",
    ".ogv",
    ".webm",
    ".3gp",
    ".3g2",
    ".aac",
    ".midi",
    ".mid",
    ".mp3",
    ".oga",
    ".wav",
    ".3gp",
    ".3g2",
    ".eot",
    ".otf",
    ".ttf",
    ".woff",
    ".woff2",
    ".bmp",
    ".gif",
    ".ico",
    ".jpeg",
    ".jpg",
    ".png",
    ".svg",
    ".tiff",
    ".tif",
    ".webp",
  ],
  "sourceRoot": ".",
  "sourcemap": true,
  "supported": {
    "for-of": false,
  },
  "target": "es6",
}
`;

exports[`getSwcOptions should match snapshot 1`] = `
{
  "inlineSourcesContent": false,
  "inputSourceMap": false,
  "isModule": true,
  "jsc": {
    "externalHelpers": true,
    "keepClassNames": true,
    "loose": false,
    "parser": {
      "exportDefaultFrom": true,
      "jsx": true,
      "syntax": "ecmascript",
    },
    "target": "es5",
  },
  "minify": false,
  "root": "/root",
  "sourceMaps": false,
}
`;
