// Jest Snapshot v1, https://goo.gl/fbAQLP

exports[`getAssetRegistrationScript should match snapshot 1`] = `"module.exports =require('react-native/Libraries/Image/AssetRegistry').registerAsset({"__packager_asset":true,"name":"image","type":"png","scales":[1,2,3],"hash":"hash","httpServerLocation":"/image.png","width":0,"height":0});"`;
